Flow report for FinalProject_PrimeNumGuessingGame
Mon May 11 15:23:37 2026
Quartus Prime Version 25.1std.0 Build 1129 10/21/2025 SC Lite Edition


---------------------
; Table of Contents ;
---------------------
  1. Legal Notice
  2. Flow Summary
  3. Flow Settings
  4. Flow Non-Default Global Settings
  5. Flow Elapsed Time
  6. Flow OS Summary
  7. Flow Log
  8. Flow Messages
  9. Flow Suppressed Messages



----------------
; Legal Notice ;
----------------
Copyright (C) 2025  Altera Corporation. All rights reserved.
Your use of Altera Corporation's design tools, logic functions 
and other software and tools, and any partner logic 
functions, and any output files from any of the foregoing 
(including device programming or simulation files), and any 
associated documentation or information are expressly subject 
to the terms and conditions of the Altera Program License 
Subscription Agreement, the Altera Quartus Prime License Agreement,
the Altera IP License Agreement, or other applicable license
agreement, including, without limitation, that your use is for
the sole purpose of programming logic devices manufactured by
Altera and sold by Altera or its authorized distributors.  Please
refer to the Altera Software License Subscription Agreements 
on the Quartus Prime software download page.



+-----------------------------------------------------------------------------------+
; Flow Summary                                                                      ;
+---------------------------------+-------------------------------------------------+
; Flow Status                     ; Successful - Mon May 11 15:23:37 2026           ;
; Quartus Prime Version           ; 25.1std.0 Build 1129 10/21/2025 SC Lite Edition ;
; Revision Name                   ; FinalProject_PrimeNumGuessingGame               ;
; Top-level Entity Name           ; FinalProject_PrimeNumGuessingGame               ;
; Family                          ; Cyclone V                                       ;
; Device                          ; 5CEBA4F23C7                                     ;
; Timing Models                   ; Final                                           ;
; Logic utilization (in ALMs)     ; 318 / 18,480 ( 2 % )                            ;
; Total registers                 ; 363                                             ;
; Total pins                      ; 67 / 224 ( 30 % )                               ;
; Total virtual pins              ; 0                                               ;
; Total block memory bits         ; 832 / 3,153,920 ( < 1 % )                       ;
; Total DSP Blocks                ; 0 / 66 ( 0 % )                                  ;
; Total HSSI RX PCSs              ; 0                                               ;
; Total HSSI PMA RX Deserializers ; 0                                               ;
; Total HSSI TX PCSs              ; 0                                               ;
; Total HSSI PMA TX Serializers   ; 0                                               ;
; Total PLLs                      ; 0 / 4 ( 0 % )                                   ;
; Total DLLs                      ; 0 / 4 ( 0 % )                                   ;
+---------------------------------+-------------------------------------------------+


+-------------------------------------------------------+
; Flow Settings                                         ;
+-------------------+-----------------------------------+
; Option            ; Setting                           ;
+-------------------+-----------------------------------+
; Start date & time ; 05/11/2026 15:21:18               ;
; Main task         ; Compilation                       ;
; Revision Name     ; FinalProject_PrimeNumGuessingGame ;
+-------------------+-----------------------------------+


+------------------------------------------------------------------------------------------------------------------------------------------------+
; Flow Non-Default Global Settings                                                                                                               ;
+-------------------------------------+----------------------------------------+---------------+-------------+-----------------------------------+
; Assignment Name                     ; Value                                  ; Default Value ; Entity Name ; Section Id                        ;
+-------------------------------------+----------------------------------------+---------------+-------------+-----------------------------------+
; COMPILER_SIGNATURE_ID               ; 200536860279123.177853087831840        ; --            ; --          ; --                                ;
; EDA_GENERATE_FUNCTIONAL_NETLIST     ; Off                                    ; --            ; --          ; eda_board_design_timing           ;
; EDA_GENERATE_FUNCTIONAL_NETLIST     ; Off                                    ; --            ; --          ; eda_board_design_boundary_scan    ;
; EDA_GENERATE_FUNCTIONAL_NETLIST     ; Off                                    ; --            ; --          ; eda_board_design_signal_integrity ;
; EDA_GENERATE_FUNCTIONAL_NETLIST     ; Off                                    ; --            ; --          ; eda_board_design_symbol           ;
; EDA_OUTPUT_DATA_FORMAT              ; Verilog Hdl                            ; --            ; --          ; eda_simulation                    ;
; EDA_SIMULATION_TOOL                 ; Questa Altera FPGA (Verilog)           ; <None>        ; --          ; --                                ;
; EDA_TIME_SCALE                      ; 1 ps                                   ; --            ; --          ; eda_simulation                    ;
; MAX_CORE_JUNCTION_TEMP              ; 85                                     ; --            ; --          ; --                                ;
; MIN_CORE_JUNCTION_TEMP              ; 0                                      ; --            ; --          ; --                                ;
; MISC_FILE                           ; Score_RAM_bb.v                         ; --            ; --          ; --                                ;
; MISC_FILE                           ; PlayerID_ROM_bb.v                      ; --            ; --          ; --                                ;
; MISC_FILE                           ; Password_ROM_bb.v                      ; --            ; --          ; --                                ;
; MISC_FILE                           ; ROM_PSWD_bb.v                          ; --            ; --          ; --                                ;
; MISC_FILE                           ; PrimerNumbersROM_bb.v                  ; --            ; --          ; --                                ;
; MISC_FILE                           ; ROM_PrimerNumbers_bb.v                 ; --            ; --          ; --                                ;
; OUTPUT_IO_TIMING_FAR_END_VMEAS      ; Half Signal Swing                      ; --            ; --          ; --                                ;
; OUTPUT_IO_TIMING_FAR_END_VMEAS      ; Half Signal Swing                      ; --            ; --          ; --                                ;
; OUTPUT_IO_TIMING_NEAR_END_VMEAS     ; Half Vccio                             ; --            ; --          ; --                                ;
; OUTPUT_IO_TIMING_NEAR_END_VMEAS     ; Half Vccio                             ; --            ; --          ; --                                ;
; PARTITION_COLOR                     ; -- (Not supported for targeted family) ; --            ; --          ; Top                               ;
; PARTITION_FITTER_PRESERVATION_LEVEL ; -- (Not supported for targeted family) ; --            ; --          ; Top                               ;
; PARTITION_NETLIST_TYPE              ; -- (Not supported for targeted family) ; --            ; --          ; Top                               ;
; POWER_BOARD_THERMAL_MODEL           ; None (CONSERVATIVE)                    ; --            ; --          ; --                                ;
; POWER_PRESET_COOLING_SOLUTION       ; 23 MM HEAT SINK WITH 200 LFPM AIRFLOW  ; --            ; --          ; --                                ;
; PROJECT_OUTPUT_DIRECTORY            ; output_files                           ; --            ; --          ; --                                ;
+-------------------------------------+----------------------------------------+---------------+-------------+-----------------------------------+


+--------------------------------------------------------------------------------------------------------------------------+
; Flow Elapsed Time                                                                                                        ;
+----------------------+--------------+-------------------------+---------------------+------------------------------------+
; Module Name          ; Elapsed Time ; Average Processors Used ; Peak Virtual Memory ; Total CPU Time (on all processors) ;
+----------------------+--------------+-------------------------+---------------------+------------------------------------+
; Analysis & Synthesis ; 00:00:10     ; 1.0                     ; 4921 MB             ; 00:00:15                           ;
; Fitter               ; 00:01:54     ; 1.0                     ; 6789 MB             ; 00:06:37                           ;
; Assembler            ; 00:00:03     ; 1.0                     ; 4997 MB             ; 00:00:04                           ;
; Timing Analyzer      ; 00:00:05     ; 1.4                     ; 5328 MB             ; 00:00:05                           ;
; EDA Netlist Writer   ; 00:00:01     ; 1.0                     ; 4765 MB             ; 00:00:01                           ;
; Total                ; 00:02:13     ; --                      ; --                  ; 00:07:02                           ;
+----------------------+--------------+-------------------------+---------------------+------------------------------------+


+------------------------------------------------------------------------------------+
; Flow OS Summary                                                                    ;
+----------------------+------------------+------------+------------+----------------+
; Module Name          ; Machine Hostname ; OS Name    ; OS Version ; Processor type ;
+----------------------+------------------+------------+------------+----------------+
; Analysis & Synthesis ; Dharaniraj       ; Windows 10 ; 10.0       ; x86_64         ;
; Fitter               ; Dharaniraj       ; Windows 10 ; 10.0       ; x86_64         ;
; Assembler            ; Dharaniraj       ; Windows 10 ; 10.0       ; x86_64         ;
; Timing Analyzer      ; Dharaniraj       ; Windows 10 ; 10.0       ; x86_64         ;
; EDA Netlist Writer   ; Dharaniraj       ; Windows 10 ; 10.0       ; x86_64         ;
+----------------------+------------------+------------+------------+----------------+


------------
; Flow Log ;
------------
quartus_map --read_settings_files=on --write_settings_files=off FinalProject_PrimeNumGuessingGame -c FinalProject_PrimeNumGuessingGame
quartus_fit --read_settings_files=off --write_settings_files=off FinalProject_PrimeNumGuessingGame -c FinalProject_PrimeNumGuessingGame
quartus_asm --read_settings_files=off --write_settings_files=off FinalProject_PrimeNumGuessingGame -c FinalProject_PrimeNumGuessingGame
quartus_sta FinalProject_PrimeNumGuessingGame -c FinalProject_PrimeNumGuessingGame
quartus_eda --read_settings_files=off --write_settings_files=off FinalProject_PrimeNumGuessingGame -c FinalProject_PrimeNumGuessingGame



